[ecentral.my/nasi-lemak-calories/index.html]
[backblue.gif]
[fade.gif]
[index.html]
[ecentral.my/wp-content/uploads/2023/11/Nasi-Lemak-featured-image-768x432.jpg]
[ecentral.my/wp-content/uploads/2023/11/Nasi-Lemak-featured-image.jpg]
[ecentral.my/wp-includes/css/dist/block-library/style.min.css]
[ecentral.my/wp-content/themes/bricks/assets/css/frontend-light.min.css]
[ecentral.my/wp-content/themes/bricks-child/style.css]
[ecentral.my/wp-content/uploads/bricks/css/global-variables.min.css]
[ecentral.my/wp-content/uploads/bricks/css/theme-style-ecentral.min.css]
[ecentral.my/wp-content/uploads/bricks/css/post-79441.min.css]
[ecentral.my/wp-content/uploads/bricks/css/post-79287.min.css]
[ecentral.my/wp-content/uploads/bricks/css/post-79284.min.css]
[ecentral.my/wp-content/themes/bricks/assets/css/libs/themify-icons.min.css]
[ecentral.my/wp-content/plugins/bricksextras/components/assets/css/burgertrigger.css]
[ecentral.my/wp-content/plugins/bricksextras/components/assets/css/headersearch.css]
[ecentral.my/wp-content/plugins/bricksextras/components/assets/css/promodal.css]
[ecentral.my/wp-content/plugins/bricksextras/components/assets/css/proaccordion.css]
[ecentral.my/wp-content/plugins/bricksextras/components/assets/css/readingprogressbar.css]
[ecentral.my/wp-content/plugins/bricksextras/components/assets/css/breadcrumbs.css]
[ecentral.my/wp-content/plugins/bricksextras/components/assets/css/tableofcontents.css]
[ecentral.my/wp-content/plugins/core-framework/assets/public/css/core_framework.css]
[ecentral.my/wp-content/plugins/wp-rocket/assets/img/youtube.png]
[ecentral.my/wp-content/plugins/google-analytics-premium/assets/js/frontend-gtag.min.js]
[ecentral.my/service-worker.js]
[ecentral.my/wp-content/uploads/2024/02/IMG_0051.png]
[anymind360.com/js/4663/ats.js]
[xhr.invl.co/magic/133501/auto.js]
[ecentral.my/wp-content/uploads/2025/02/sukur-program-sentuhan-kasih-rakyat-sabah-2025-150x150.png]
[ecentral.my/wp-content/uploads/2025/04/SYUKUR-2025-FASA-2-1-150x150.png]
[ecentral.my/wp-content/uploads/2025/04/keputusan-ytp-mara-150x150.jpg]
[ecentral.my/wp-content/uploads/2023/11/tawas-1-150x150.png]
[ecentral.my/wp-content/uploads/2024/12/pengeluaran-asb-online-150x150.jpg]
[ecentral.my/wp-content/uploads/2021/12/SEMAKAN-DIVIDEN-ASB-150x150.png]
[ecentral.my/wp-content/uploads/2021/10/asb-online-myasnb-150x150.png]
[ecentral.my/wp-content/uploads/2024/12/FB_IMG_1735013577009-150x150.jpg]
[ecentral.my/wp-content/uploads/2024/03/penyucian-dividen-150x150.png]
[ecentral.my/wp-content/uploads/2024/01/i-saraan-kwsp-1-150x150.jpg]
[ecentral.my/wp-content/uploads/2022/04/kwsp-pekerja-150x150.jpg]
[ecentral.my/wp-content/uploads/2024/05/pengeluaran-kwsp-1-150x150.jpg]
[pagead2.googlesyndication.com/pagead/js/f2ae2.txt]
[ecentral.my/wp-content/uploads/2023/11/3f0d98a9-c59f-4dac-8071-4087d82aa365-1536x1152-1-1024x768.jpg]
[ecentral.my/wp-content/uploads/2023/11/young-man-running-outdoors-in-morning-royalty-free-image-1621874707-1024x683.jpg]
[ecentral.my/wp-content/uploads/2024/01/kiraan-hamil-1-768x525.jpg]
[ecentral.my/wp-content/uploads/2025/07/ecentral.my-3-1-768x432.png]
[ecentral.my/wp-content/uploads/2025/07/ecentral.my-2-1-768x432.png]
[ecentral.my/wp-content/uploads/2025/07/ecentral.my_-768x432.png]
[ecentral.my/wp-content/uploads/bricks/css/post-79328.min.css]
[ecentral.my/wp-content/plugins/google-analytics-premium/assets/css/frontend.min.css]
[ecentral.my/wp-content/themes/bricks/assets/js/bricks.min.js]
[cdn.izooto.com/scripts/7e1e8d27aae6ff3b3d488c83fbacdf7671c49f9a.js]
[ecentral.my/wp-content/plugins/bricksextras/components/assets/js/burgertrigger.min.js]
[ecentral.my/wp-content/plugins/bricksextras/components/assets/js/promodal.min.js]
[ecentral.my/wp-content/plugins/bricksextras/components/assets/js/frontend.min.js]
[ecentral.my/wp-content/plugins/bricksextras/components/assets/js/proaccordion.min.js]
[ecentral.my/wp-content/plugins/bricksextras/components/assets/js/headersearch.min.js]
[ecentral.my/wp-content/plugins/bricksextras/components/assets/js/readingprogressbar.min.js]
[ecentral.my/wp-content/plugins/bricksextras/components/assets/js/tableofcontents.min.js]
[ecentral.my/wp-includes/js/jquery/jquery.min.js]
[ecentral.my/wp-content/plugins/wp-rocket/assets/js/lazyload/17.8.3/lazyload.min.js]
[ecentral.my/nasi-lemak-calories/index.html]
[ecentral.my/wp-includes/css/dist/block-library/style.min.css]
[ecentral.my/wp-content/themes/bricks/assets/css/frontend-light.min.css]
[ecentral.my/wp-content/themes/bricks-child/style.css]
[ecentral.my/wp-content/uploads/bricks/css/color-palettes.min.css]
[ecentral.my/wp-content/uploads/bricks/css/global-variables.min.css]
[ecentral.my/wp-content/uploads/bricks/css/theme-style-ecentral.min.css]
[ecentral.my/wp-content/uploads/bricks/css/post-79441.min.css]
[ecentral.my/wp-content/uploads/bricks/css/post-79287.min.css]
[ecentral.my/wp-content/uploads/bricks/css/post-79284.min.css]
[ecentral.my/wp-content/themes/bricks/assets/css/libs/themify-icons.min.css]
[ecentral.my/wp-content/plugins/bricksextras/components/assets/css/burgertrigger.css]
[ecentral.my/wp-content/plugins/bricksextras/components/assets/css/headersearch.css]
[ecentral.my/wp-content/plugins/bricksextras/components/assets/css/promodal.css]
[ecentral.my/wp-content/plugins/bricksextras/components/assets/css/proaccordion.css]
[ecentral.my/wp-content/plugins/bricksextras/components/assets/css/readingprogressbar.css]
[ecentral.my/wp-content/plugins/bricksextras/components/assets/css/breadcrumbs.css]
[ecentral.my/wp-content/plugins/bricksextras/components/assets/css/tableofcontents.css]
[ecentral.my/wp-content/plugins/core-framework/assets/public/css/core_framework.css]
[ecentral.my/wp-content/uploads/bricks/css/post-79328.min.css]
[ecentral.my/wp-content/plugins/google-analytics-premium/assets/css/frontend.min.css]
[i.ytimg.com/vi/ID/hqdefault.jpg]
