[kualalumpur.intercontinental.com/blog/interesting-facts-about-nasi-lemak.html]
[backblue.gif]
[fade.gif]
[index.html]
[ejmse4m6ybw.exactdn.com/resources/meta/logo-32x32.png]
[ejmse4m6ybw.exactdn.com/resources/meta/logo-152x152.png]
[ejmse4m6ybw.exactdn.com/resources/meta/logo-76x76.png]
[ejmse4m6ybw.exactdn.com/resources/meta/logo-120x120.png]
[ejmse4m6ybw.exactdn.com/resources/meta/logo-150x150.png]
[ejmse4m6ybw.exactdn.com/resources/blog/600x600_nl_1.jpg]
[ejmse4m6ybw.exactdn.com/site/themes/ich/assets/app08f7.css]
[ejmse4m6ybw.exactdn.com/resources/meta/ich-kl-logo-colour_copy.png]
[ejmse4m6ybw.exactdn.com/assets/containers/main/blog/600x600_nl_1.png/57902c18593ec85cc06eeb991aa8e57e.jpg]
[kualalumpur.intercontinental.com/blog/category/food.html]
[ejmse4m6ybw.exactdn.com/resources/514x350_nasilemak_2.jpg]
[ejmse4m6ybw.exactdn.com/resources/514x350_nl_4.jpg]
[ejmse4m6ybw.exactdn.com/resources/514x350_nl_3.jpg]
[kualalumpur.intercontinental.com/blog/chef-hiroshi-masuda-tatsu-japanese-cuisine-intercontinental-kuala-lumpur.html]
[ejmse4m6ybw.exactdn.com/assets/containers/main/blog/32.jpg/d94573df1aa8fd216b439dc14de8c2d7.jpg]
[kualalumpur.intercontinental.com/blog/hotel-timeshifter-app-jet-lag.html]
[ejmse4m6ybw.exactdn.com/assets/containers/main/blog/93.jpg/54c963ee7b40abb3933eb132da3f3fb4.jpg]
[kualalumpur.intercontinental.com/blog/kuala-lumpur-shoppers-paradise.html]
[ejmse4m6ybw.exactdn.com/assets/containers/main/blog/iws-(30).jpg/1207cd403edba636a1e254a40d4c07e2.jpg]
[ejmse4m6ybw.exactdn.com/assets/containers/main/blog/ickl-edm.jpg/7b0989a87713e4cb37c2b8ffa0e70b62.jpg]
[kualalumpur.intercontinental.com/blog/a-step-towards-a-sustainable-future.html]
[kualalumpur.intercontinental.com/blog/byredo.html]
[ejmse4m6ybw.exactdn.com/assets/containers/main/blog/221228_interconroom-83_resize.jpg/4120fb2878ecab3c6431e8dedbeaa291.jpg]
[kualalumpur.intercontinental.com/blog/ev-charging.html]
[ejmse4m6ybw.exactdn.com/assets/containers/main/blog/iws---2025-01-22t170212.491.jpg/8cb75ea6f50f0e937bd016482d0a7c9e.jpg]
[kualalumpur.intercontinental.com/blog/5-lunch-spots-in-kuala-lumpur-to-check-out.html]
[ejmse4m6ybw.exactdn.com/assets/containers/main/blog/297.jpg/57463188618f6679e240b811ef3522b6.jpg]
[kualalumpur.intercontinental.com/blog/ramadan-guide-in-kuala-lumpur.html]
[ejmse4m6ybw.exactdn.com/assets/containers/main/blog/3840x-2160---ramadan-blog.jpg/67a9d1a77e28b10de98e67eb4c2b527a.jpg]
[kualalumpur.intercontinental.com/blog/one-day-itinerary-in-kl.html]
[ejmse4m6ybw.exactdn.com/assets/containers/main/blog/1980x1080_blog.png/2b49a3d2855e725cd58aa33510e8c87d.png]
[kualalumpur.intercontinental.com/blog/5-fine-dining-spots-in-kl-how-to-get-there.html]
[ejmse4m6ybw.exactdn.com/assets/containers/main/blog/2-1568799570.png/87f56db5e7e3a01f9b853ea7cf980801.png]
[kualalumpur.intercontinental.com/blog/family-friendly-activities-in-kl.html]
[ejmse4m6ybw.exactdn.com/assets/containers/main/blog/600x600_blog_header_1_(1).png/7ce641adb1827ba89e1eda448411c4e9.png]
[kualalumpur.intercontinental.com/blog/partying-in-kuala-lumpur.html]
[ejmse4m6ybw.exactdn.com/assets/containers/main/blog/april-issue-2018.jpg/3883c454d3cfd6f4539a5551cdb4eacd.jpg]
[kualalumpur.intercontinental.com/resources/blog/ich-ambassador.png]
[kualalumpur.intercontinental.com/resources/blog/best-price-guaranteed.png]
[static.tacdn.com/img2/travelers_choice/widgets/tchotel_2025_L.png]
[kualalumpur.intercontinental.com/resources/logos/ihg-hotels---resorts.png]
[kualalumpur.intercontinental.com/resources/logos/six-senses.png]
[kualalumpur.intercontinental.com/resources/logos/regent.png]
[kualalumpur.intercontinental.com/resources/logos/intercontinental-hotels---resorts.png]
[kualalumpur.intercontinental.com/resources/logos/vignette_collection.png]
[kualalumpur.intercontinental.com/resources/logos/kimpton.png]
[kualalumpur.intercontinental.com/resources/logos/hotel-indigo.png]
[kualalumpur.intercontinental.com/resources/logos/voco.png]
[kualalumpur.intercontinental.com/resources/logos/hualuxe.png]
[kualalumpur.intercontinental.com/resources/logos/crowne-plaza.png]
[kualalumpur.intercontinental.com/resources/download.png]
[kualalumpur.intercontinental.com/resources/logos/even-hotels.png]
[kualalumpur.intercontinental.com/resources/logos/holiday-inn-express.png]
[kualalumpur.intercontinental.com/resources/logos/holiday-inn.png]
[kualalumpur.intercontinental.com/resources/xxl_153159467.png]
[kualalumpur.intercontinental.com/resources/logos/avid.png]
[kualalumpur.intercontinental.com/resources/logos/atwell-suites.png]
[kualalumpur.intercontinental.com/resources/logos/staybridge-suites.png]
[kualalumpur.intercontinental.com/resources/logos/holiday-inn-club-vacations.png]
[kualalumpur.intercontinental.com/resources/logos/candlewood.png]
[kualalumpur.intercontinental.com/resources/ruby.png]
[kualalumpur.intercontinental.com/resources/logos/ihg-one-rewards.png]
[ejmse4m6ybw.exactdn.com/assets/containers/main/pngwing.com-(1)-1730956979-1742878263.png/5abbfbdfa4e13c0a2c3ed33dbb1898c6.png]
[ejmse4m6ybw.exactdn.com/assets/containers/main/screenshot-2024-08-08-121620.png/4e3e2c79fb215a351afc32438c2ac7c5.png]
[ejmse4m6ybw.exactdn.com/assets/containers/main/rca_winnerlogo_white_withgoldtext.png/551c38dd85c1e8c3862c4811de4007f6.png]
[ejmse4m6ybw.exactdn.com/assets/containers/main/certified-amvs.png/603e0f5ac38fcdb4133eb8fe801a3c45.png]
[ejmse4m6ybw.exactdn.com/assets/containers/main/pngwing.com-(1)-1730956979.png/ecb20fdcd0d5ca1cfcc786c50b342793.png]
[ejmse4m6ybw.exactdn.com/assets/containers/main/pngwing.com-(1).png/082f1a1414fa934dfc6adbfa4838e658.png]
[ejmse4m6ybw.exactdn.com/assets/containers/main/k2wmcjo5_400x400.jpg/af71b078585f91fcb19246fb50b501e0.jpg]
[ejmse4m6ybw.exactdn.com/assets/containers/main/hospitality-awards-2023-1029x1024.png/594f58c1e76dd3040ee30ea13ba28914.png]
[ejmse4m6ybw.exactdn.com/assets/containers/main/tourism-malaysia-logo-png-transparent-1698837030.png/3c21a2552922925d8a7131b4cffb7dc1.png]
[ejmse4m6ybw.exactdn.com/assets/containers/main/tourism-malaysia-logo-png-transparent.png/8036ab9bb28edcfdeeae62ca58e04bbb.png]
[ejmse4m6ybw.exactdn.com/assets/containers/main/travellers-choice-770x466.png/519d8c712e00c888ea689e77b01067ec.png]
[ejmse4m6ybw.exactdn.com/assets/containers/main/349984473_932073944726184_4129958111255710870_n.jpg/f28d8235d48e801bcb2ceda5b9311bca.jpg]
[kualalumpur.intercontinental.com/blog/interesting-facts-about-nasi-lemak.html]
[ejmse4m6ybw.exactdn.com/site/themes/ich/assets/appaf91.js]
[ejmse4m6ybw.exactdn.com/site/themes/ich/assets/fonts/vendor/@fortawesome/fontawesome-free/webfa-brands-4004163.woff2]
[ejmse4m6ybw.exactdn.com/site/themes/ich/assets/fonts/vendor/@fortawesome/fontawesome-free/webfa-brands-400f76d.eot]
[ejmse4m6ybw.exactdn.com/site/themes/ich/assets/fonts/vendor/@fortawesome/fontawesome-free/webfa-brands-400d0fc.woff]
[ejmse4m6ybw.exactdn.com/site/themes/ich/assets/fonts/vendor/@fortawesome/fontawesome-free/webfa-brands-400de30.ttf]
[ejmse4m6ybw.exactdn.com/site/themes/ich/assets/fonts/vendor/@fortawesome/fontawesome-free/webfa-brands-4003833.svg]
[ejmse4m6ybw.exactdn.com/site/themes/ich/assets/fonts/vendor/@fortawesome/fontawesome-free/webfa-solid-900e89b.woff2]
[ejmse4m6ybw.exactdn.com/site/themes/ich/assets/fonts/vendor/@fortawesome/fontawesome-free/webfa-solid-900e4aa.eot]
[ejmse4m6ybw.exactdn.com/site/themes/ich/assets/fonts/vendor/@fortawesome/fontawesome-free/webfa-solid-9008194.woff]
[ejmse4m6ybw.exactdn.com/site/themes/ich/assets/fonts/vendor/@fortawesome/fontawesome-free/webfa-solid-9002d78.ttf]
[ejmse4m6ybw.exactdn.com/site/themes/ich/assets/fonts/vendor/@fortawesome/fontawesome-free/webfa-solid-9004a91.svg]
[ejmse4m6ybw.exactdn.com/site/themes/ich/assets/images/ihg2e7a.png]
[ejmse4m6ybw.exactdn.com/site/themes/ich/assets/images/kimpton-grey90ce.svg]
[ejmse4m6ybw.exactdn.com/site/themes/ich/assets/images/regent-greyd63f.svg]
[ejmse4m6ybw.exactdn.com/site/themes/ich/assets/images/hotel-indigo-color961b.svg]
[ejmse4m6ybw.exactdn.com/site/themes/ich/assets/images/hotel-indigo-grey03d7.svg]
[ejmse4m6ybw.exactdn.com/site/themes/ich/assets/images/crowne-plaza-color450e.svg]
[ejmse4m6ybw.exactdn.com/site/themes/ich/assets/images/crowne-plaza-grey471e.svg]
[ejmse4m6ybw.exactdn.com/site/themes/ich/assets/images/hualuxe-greyc190.svg]
[ejmse4m6ybw.exactdn.com/site/themes/ich/assets/images/holidayinn-color0436.svg]
[ejmse4m6ybw.exactdn.com/site/themes/ich/assets/images/holidayinn-greye935.svg]
[ejmse4m6ybw.exactdn.com/site/themes/ich/assets/images/holidayinn-club-vacations-colore2c0.svg]
[ejmse4m6ybw.exactdn.com/site/themes/ich/assets/images/holidayinn-club-vacations-grey682d.svg]
[ejmse4m6ybw.exactdn.com/site/themes/ich/assets/images/intercontinental-greyb98a.svg]
[ejmse4m6ybw.exactdn.com/site/themes/ich/assets/images/voco-grey1657.svg]
[ejmse4m6ybw.exactdn.com/site/themes/ich/assets/images/staybridge-suites-colorc4d0.svg]
[ejmse4m6ybw.exactdn.com/site/themes/ich/assets/images/staybridge-suites-grey903e.svg]
[ejmse4m6ybw.exactdn.com/site/themes/ich/assets/images/candlewood-suites-grey701c.svg]
[ejmse4m6ybw.exactdn.com/site/themes/ich/assets/images/avid-color9959.svg]
[ejmse4m6ybw.exactdn.com/site/themes/ich/assets/images/avid-grey3645.svg]
[ejmse4m6ybw.exactdn.com/site/themes/ich/assets/images/even-hotels-color941e.svg]
[ejmse4m6ybw.exactdn.com/site/themes/ich/assets/images/even-hotels-greyd6ff.svg]
[ejmse4m6ybw.exactdn.com/site/themes/ich/assets/images/holidayinn-express-color5e73.svg]
[ejmse4m6ybw.exactdn.com/site/themes/ich/assets/images/holidayinn-express-grey329f.svg]
[ejmse4m6ybw.exactdn.com/site/themes/ich/assets/images/ihg-rewards-club-colorc0db.svg]
[ejmse4m6ybw.exactdn.com/site/themes/ich/assets/app08f7.css]
[www.googletagmanager.com/gtm5445.html]
[ejmse4m6ybw.exactdn.com/site/themes/ich/assets/images/ihg-rewards-club-grey5978.svg]
[ejmse4m6ybw.exactdn.com/resources/meta/eshop-(9).jpg]
[ejmse4m6ybw.exactdn.com/assets/containers/main/iws-(76).jpg/e6b5c884ebf1422afc70723c9750a90e.jpg]
[kualalumpur.intercontinental.com/blog/category/attractions.html]
[kualalumpur.intercontinental.com/blog/category/travel.html]
[kualalumpur.intercontinental.com/blog/category/journey-to-tomorrow.html]
[kualalumpur.intercontinental.com/blog/category/planet.html]
[kualalumpur.intercontinental.com/blog/category/issues.html]
[kualalumpur.intercontinental.com/blog/category/business.html]
[kualalumpur.intercontinental.com/blog/category/people.html]
[ejmse4m6ybw.exactdn.com/assets/containers/main/blog/32.jpg/4907f49b15eba6723d27b5b7a5d98f6c.jpg]
[ejmse4m6ybw.exactdn.com/assets/containers/main/blog/297.jpg/bb0713001e2510e11ed3158fe13b37cb.jpg]
[ejmse4m6ybw.exactdn.com/assets/containers/main/blog/2-1568799570.png/93fe14e177c1cffa589a29729a9e64d2.png]
[ejmse4m6ybw.exactdn.com/assets/containers/main/blog/april-issue-2018.jpg/32603169b0cc42c49ac38b1e886a2caf.jpg]
[kualalumpur.intercontinental.com/blog/local-breakfast-dishes-for-your-mornings.html]
[ejmse4m6ybw.exactdn.com/assets/containers/main/blog/600x600_breakfast_2.png/28784e50b0f56ae2a55e95a87716f1ca.png]
[kualalumpur.intercontinental.com/blog/4-weekend-brunch-places-in-kuala-lumpur.html]
[ejmse4m6ybw.exactdn.com/assets/containers/main/blog/600x600_brunch_(1).png/9f25ef91ef2af8590066086fe24d7f17.png]
[ejmse4m6ybw.exactdn.com/assets/containers/main/blog/600x600_nl_1.png/b6577d7e60eba95a281a4dd152e6567f.png]
[kualalumpur.intercontinental.com/blog/category/food.html]
[ejmse4m6ybw.exactdn.com/resources/blog/32.jpg]
[ejmse4m6ybw.exactdn.com/assets/containers/main/blog/32.jpg/b4526e0a3dadcb7535f475d9c7627090.jpg]
[ejmse4m6ybw.exactdn.com/assets/containers/main/34-1745574416.jpg/05cfa8c573e1c072de2616e1d6e7be37.jpg]
[ejmse4m6ybw.exactdn.com/assets/containers/main/iws-(3)-1745574420.jpg/31f91652b0c85f6cf377f2e0eb97ecd2.jpg]
[ejmse4m6ybw.exactdn.com/assets/containers/main/34-1745574416.jpg/604bea68c6543e16b02e340443565748.jpg]
[ejmse4m6ybw.exactdn.com/assets/containers/main/iws-(3)-1745574420.jpg/dd7f14bd59402856f69efe9525fb6e0a.jpg]
[ejmse4m6ybw.exactdn.com/assets/containers/main/33-1745574605.jpg/4fa2ac8771b136d34038bd9f0276d4ff.jpg]
[ejmse4m6ybw.exactdn.com/assets/containers/main/35-1745574606.jpg/de168720df5893f6405c6e8aa95c1e97.jpg]
[ejmse4m6ybw.exactdn.com/assets/containers/main/33-1745574605.jpg/651755b15cc6c99650c95d045316c9f9.jpg]
[ejmse4m6ybw.exactdn.com/assets/containers/main/35-1745574606.jpg/39ff6bebca4eb5075904b3d097e3cba7.jpg]
[ejmse4m6ybw.exactdn.com/assets/containers/main/40-1745574662.jpg/8fd9fcdf083dc6715ca8f50af28a0fdf.jpg]
[ejmse4m6ybw.exactdn.com/assets/containers/main/38-1745574671.jpg/4e19e9d07ae7ffd50c13abf7e99483de.jpg]
[ejmse4m6ybw.exactdn.com/assets/containers/main/39-1745574649.jpg/b26587c68c891dab258d930cfdb3fa69.jpg]
[ejmse4m6ybw.exactdn.com/assets/containers/main/iws-(2)-1745574666.jpg/e3cfb51225632b13d04ecb1abb79fc39.jpg]
[ejmse4m6ybw.exactdn.com/assets/containers/main/37-1745574673.jpg/044fd657ee8a5f2121ad587388797da5.jpg]
[ejmse4m6ybw.exactdn.com/assets/containers/main/iws-(5)-1745574836.jpg/e7871f384afece50804bc624833bb9ac.jpg]
[ejmse4m6ybw.exactdn.com/assets/containers/main/iws-(4)-1745574840.jpg/25929d5efd8093c2573d1401c6768571.jpg]
[ejmse4m6ybw.exactdn.com/assets/containers/main/40-1745574662.jpg/339644add6c3f7af92d28779e3615689.jpg]
[ejmse4m6ybw.exactdn.com/assets/containers/main/38-1745574671.jpg/d09b639a1a102abc2781f1b7fc71420a.jpg]
[ejmse4m6ybw.exactdn.com/assets/containers/main/39-1745574649.jpg/f3deb3c22c9cde4155ea3a1d38a5f71d.jpg]
[ejmse4m6ybw.exactdn.com/assets/containers/main/iws-(2)-1745574666.jpg/6f14915edfd93da7ce81cf022dd9c48b.jpg]
[ejmse4m6ybw.exactdn.com/assets/containers/main/37-1745574673.jpg/febe8efb9f597fd6495fb7f6ab0ae47e.jpg]
[ejmse4m6ybw.exactdn.com/assets/containers/main/iws-(5)-1745574836.jpg/c4ec9ed386930313213961c3a1d33fc6.jpg]
[ejmse4m6ybw.exactdn.com/assets/containers/main/iws-(4)-1745574840.jpg/b7d089c498dd7d739c0c56893a017119.jpg]
[kualalumpur.intercontinental.com/blog/chef-hiroshi-masuda-tatsu-japanese-cuisine-intercontinental-kuala-lumpur.html]
[ejmse4m6ybw.exactdn.com/resources/blog/93.jpg]
[ejmse4m6ybw.exactdn.com/assets/containers/main/blog/93.jpg/37fdd7ecd81e0f5d804682fde3c4f5eb.jpg]
[ejmse4m6ybw.exactdn.com/resources/94-1724833965.jpg]
[ejmse4m6ybw.exactdn.com/assets/containers/main/whatsapp-image-2024-08-28-at-16.49.42_eae83ffa.jpg/7bd295fb155c8e3759ce941ebbdf6933.jpg]
[ejmse4m6ybw.exactdn.com/assets/containers/main/whatsapp-image-2024-08-28-at-16.49.42_8fb298db.jpg/8428c744e0a5150fd07a775530e9bc54.jpg]
[ejmse4m6ybw.exactdn.com/assets/containers/main/whatsapp-image-2024-08-28-at-16.49.41_06d50be7.jpg/4e76f1c4a156e865905f370610352d59.jpg]
[ejmse4m6ybw.exactdn.com/assets/containers/main/whatsapp-image-2024-08-28-at-16.49.44_816088d9.jpg/74cb16eff79e919354d036afe770c63c.jpg]
[ejmse4m6ybw.exactdn.com/assets/containers/main/whatsapp-image-2024-08-28-at-16.49.42_eae83ffa.jpg/b459cd214a904684dd4290d02512592e.jpg]
[ejmse4m6ybw.exactdn.com/assets/containers/main/whatsapp-image-2024-08-28-at-16.49.42_8fb298db.jpg/013cebb4ad93ec023822d1cc1a585029.jpg]
[ejmse4m6ybw.exactdn.com/assets/containers/main/whatsapp-image-2024-08-28-at-16.49.41_06d50be7.jpg/1bc5d4e8bba5adddaa9ea3e7d636b30f.jpg]
[ejmse4m6ybw.exactdn.com/assets/containers/main/whatsapp-image-2024-08-28-at-16.49.44_816088d9.jpg/a8a1180064e1f628274711b78e8dc894.jpg]
[kualalumpur.intercontinental.com/blog/hotel-timeshifter-app-jet-lag.html]
[ejmse4m6ybw.exactdn.com/resources/blog/iws-(30).jpg]
[ejmse4m6ybw.exactdn.com/assets/containers/main/blog/iws-(30).jpg/cd88a66a438278e2e4363e2410815978.jpg]
[ejmse4m6ybw.exactdn.com/resources/iws-(33).jpg]
[ejmse4m6ybw.exactdn.com/resources/iws-(32).jpg]
[ejmse4m6ybw.exactdn.com/resources/iws-(34).jpg]
[ejmse4m6ybw.exactdn.com/resources/iws-(2).jpg]
[ejmse4m6ybw.exactdn.com/resources/iws-(35).jpg]
[ejmse4m6ybw.exactdn.com/resources/iws-(36).jpg]
[ejmse4m6ybw.exactdn.com/resources/iws-(37).jpg]
[kualalumpur.intercontinental.com/blog/kuala-lumpur-shoppers-paradise.html]
[ejmse4m6ybw.exactdn.com/resources/blog/ickl-edm.jpg]
[ejmse4m6ybw.exactdn.com/assets/containers/main/blog/ickl-edm.jpg/24f8122bd3809c9bc02a613863b8a0c3.jpg]
[ejmse4m6ybw.exactdn.com/resources/ickl-edm-(1).jpg]
[ejmse4m6ybw.exactdn.com/assets/containers/main/ickl-edm-(5).jpg/2d41c622b6c75a78d59f2de48e68b718.jpg]
[ejmse4m6ybw.exactdn.com/assets/containers/main/44-1717501987.png/46ed00f9e43e3af4f926f316c20a879a.jpg]
[ejmse4m6ybw.exactdn.com/assets/containers/main/43-1717501985.png/70a5dd22199ec9e2fcc7c525f1bfc87a.jpg]
[ejmse4m6ybw.exactdn.com/assets/containers/main/ickl-edm-(5).jpg/0504c9e45f26f489e5b8991994697da5.jpg]
[ejmse4m6ybw.exactdn.com/assets/containers/main/44-1717501987.png/23d1d35f60af66ce2dae8b866eea2219.png]
[ejmse4m6ybw.exactdn.com/assets/containers/main/43-1717501985.png/8f8fbc0defb921a9b2cbd9ae72c0a528.png]
[ejmse4m6ybw.exactdn.com/resources/ickl-edm-(2).jpg]
[ejmse4m6ybw.exactdn.com/resources/iws-(7)-1742883878.jpg]
[ejmse4m6ybw.exactdn.com/assets/containers/main/47.jpg/3ed6625a7c06f0e29bbd7b66c2eb8371.jpg]
[ejmse4m6ybw.exactdn.com/assets/containers/main/ickl-edm-(4).jpg/0372e57e05c736c04c9f01b4a51be407.jpg]
[ejmse4m6ybw.exactdn.com/assets/containers/main/47.jpg/25fbba55e8526f1acfca541ad43d9c01.jpg]
[ejmse4m6ybw.exactdn.com/assets/containers/main/ickl-edm-(4).jpg/d7fbabd4c4e224db853a1312f91d77c7.jpg]
[ejmse4m6ybw.exactdn.com/assets/containers/main/50.jpg/5db5c14bc7ec03967309489eaa0f6ceb.jpg]
[ejmse4m6ybw.exactdn.com/assets/containers/main/49.jpg/f6f21da4c0c2747c6259deebf9d6a46d.jpg]
[ejmse4m6ybw.exactdn.com/assets/containers/main/50.jpg/4867fc39cdd2746f4c1dfc1874f99ca3.jpg]
[ejmse4m6ybw.exactdn.com/assets/containers/main/49.jpg/4cf27a5a9c89e016822124ccc6848121.jpg]
[ejmse4m6ybw.exactdn.com/resources/51-1717504819.jpg]
[ejmse4m6ybw.exactdn.com/resources/ickl-edm-(6).jpg]
[ejmse4m6ybw.exactdn.com/assets/containers/main/54.jpg/0c3bcc1ae58bdeab8c893b6e5f594d45.jpg]
[ejmse4m6ybw.exactdn.com/assets/containers/main/55.jpg/25b691913ac69a002bb9e75c5cced647.jpg]
[ejmse4m6ybw.exactdn.com/assets/containers/main/54.jpg/01efdf53aaf7194bacff81c91a1be540.jpg]
[ejmse4m6ybw.exactdn.com/assets/containers/main/55.jpg/5cc043fe8e3886bb3a56d21066c1bad1.jpg]
[kualalumpur.intercontinental.com/blog/a-step-towards-a-sustainable-future.html]
[ejmse4m6ybw.exactdn.com/resources/blog/221228_interconroom-83_resize.jpg]
[ejmse4m6ybw.exactdn.com/assets/containers/main/blog/221228_interconroom-83_resize.jpg/82eed83c24de2c1a8badc02dcc1e9f0b.jpg]
[ejmse4m6ybw.exactdn.com/resources/untitled-2.jpg]
[kualalumpur.intercontinental.com/blog/byredo.html]
[kualalumpur.intercontinental.com/blog/planet.html]
[ejmse4m6ybw.exactdn.com/resources/blog/iws---2025-01-22t170212.491.jpg]
[ejmse4m6ybw.exactdn.com/assets/containers/main/blog/iws---2025-01-22t170212.491.jpg/f69448d4317e17f9628b3ea64b8bf6de.jpg]
[ejmse4m6ybw.exactdn.com/assets/containers/main/iws---2025-01-22t170148.066.jpg/d470349f4fc329041567d64cf6fd3d3f.jpg]
[ejmse4m6ybw.exactdn.com/assets/containers/main/iws---2025-01-22t170212.491.jpg/544602abc9213d41c45b9d50d5ae353e.jpg]
[ejmse4m6ybw.exactdn.com/assets/containers/main/iws---2025-01-22t170227.504.jpg/444fd686a5a41d05720eccadcf111f41.jpg]
[ejmse4m6ybw.exactdn.com/assets/containers/main/iws---2025-01-22t170148.066.jpg/96f36da6359c21073991f86c0289242c.jpg]
[ejmse4m6ybw.exactdn.com/assets/containers/main/iws---2025-01-22t170212.491.jpg/2820cc939acaf08dbe57edd5b4f772eb.jpg]
[ejmse4m6ybw.exactdn.com/assets/containers/main/iws---2025-01-22t170227.504.jpg/6a75609230ff48091842f7e2bf509157.jpg]
[kualalumpur.intercontinental.com/blog/ev-charging.html]
[ejmse4m6ybw.exactdn.com/resources/blog/297.jpg]
[ejmse4m6ybw.exactdn.com/assets/containers/main/blog/297.jpg/f70888298f541d2e34e1aada481e2cda.jpg]
[ejmse4m6ybw.exactdn.com/resources/credit-the-yum-list.jpg]
[ejmse4m6ybw.exactdn.com/resources/credit-malaysian-foodie.jpg]
[ejmse4m6ybw.exactdn.com/resources/credit-eat-drink-kl.jpg]
[ejmse4m6ybw.exactdn.com/resources/photo-credit-trip.com.jpg]
[ejmse4m6ybw.exactdn.com/assets/containers/main/297-1737535205.jpg/fe3b2c3878b8e5488dad6eab5b5df9be.jpg]
[ejmse4m6ybw.exactdn.com/assets/containers/main/iws---2025-01-22t145629.979-1737535204.jpg/ba701b2f0f4665970a3e31592d3d6cc6.jpg]
[ejmse4m6ybw.exactdn.com/assets/containers/main/300-1737535205.jpg/d44a3c3200283dab998ca733c591d922.jpg]
[ejmse4m6ybw.exactdn.com/assets/containers/main/301-1737535206.jpg/467239b1af5cd8456663a9cc09b18abe.jpg]
[ejmse4m6ybw.exactdn.com/assets/containers/main/297-1737535205.jpg/efb714a6473f2dffd88ee063464ba3c1.jpg]
[ejmse4m6ybw.exactdn.com/assets/containers/main/iws---2025-01-22t145629.979-1737535204.jpg/1059c769ff93ab2d42a9c606bc634e4c.jpg]
[ejmse4m6ybw.exactdn.com/assets/containers/main/300-1737535205.jpg/ba3a4c4222e4efa734775aaf999485f4.jpg]
[ejmse4m6ybw.exactdn.com/assets/containers/main/301-1737535206.jpg/c59e446003dad912409b65b3f9a945f4.jpg]
[kualalumpur.intercontinental.com/blog/5-lunch-spots-in-kuala-lumpur-to-check-out.html]
[ejmse4m6ybw.exactdn.com/resources/blog/3840x-2160---ramadan-blog.jpg]
[ejmse4m6ybw.exactdn.com/assets/containers/main/blog/3840x-2160---ramadan-blog.jpg/c2f5458b65fffd04dcf28f313cc30018.jpg]
[ejmse4m6ybw.exactdn.com/resources/1-1583993894.jpg]
[ejmse4m6ybw.exactdn.com/resources/3840x-2160---ramadan-blog-(1)-1583993825.jpg]
[ejmse4m6ybw.exactdn.com/resources/3.jpg]
[ejmse4m6ybw.exactdn.com/resources/2-1583993913.jpg]
[ejmse4m6ybw.exactdn.com/resources/4.jpg]
[kualalumpur.intercontinental.com/blog/ramadan-guide-in-kuala-lumpur.html]
[ejmse4m6ybw.exactdn.com/resources/blog/1980x1080_blog.jpg]
[ejmse4m6ybw.exactdn.com/assets/containers/main/blog/1980x1080_blog.png/e090ba879e39375a831e8895b926b770.jpg]
[ejmse4m6ybw.exactdn.com/resources/iws-(83).jpg]
[ejmse4m6ybw.exactdn.com/resources/2(2)-1571649284.jpg]
[ejmse4m6ybw.exactdn.com/resources/3(3).jpg]
[ejmse4m6ybw.exactdn.com/resources/4-1571649381.jpg]
[ejmse4m6ybw.exactdn.com/resources/5-1571649398.jpg]
[ejmse4m6ybw.exactdn.com/resources/iws-(84).jpg]
[kualalumpur.intercontinental.com/blog/one-day-itinerary-in-kl.html]
[ejmse4m6ybw.exactdn.com/resources/blog/2-1568799570.jpg]
[ejmse4m6ybw.exactdn.com/assets/containers/main/blog/2-1568799570.png/30f3184cdd44df3ba0305fe97cced3c7.jpg]
[ejmse4m6ybw.exactdn.com/resources/1-1568799501.jpg]
[ejmse4m6ybw.exactdn.com/resources/3-1568799509.jpg]
[ejmse4m6ybw.exactdn.com/resources/4-1568799517.jpg]
[ejmse4m6ybw.exactdn.com/resources/5-1568799527.jpg]
[kualalumpur.intercontinental.com/blog/5-fine-dining-spots-in-kl-how-to-get-there.html]
[kualalumpur.intercontinental.com/blog/kl-public-transport-guide.html]
[ejmse4m6ybw.exactdn.com/resources/blog/600x600_blog_header_1_(1).jpg]
[ejmse4m6ybw.exactdn.com/assets/containers/main/blog/600x600_blog_header_1_(1).png/a78dc565992b9bcfd33fae45f27e87ae.jpg]
[ejmse4m6ybw.exactdn.com/resources/blog/superpark_avenuek.jpg]
[ejmse4m6ybw.exactdn.com/resources/514x524_blog.jpg]
[ejmse4m6ybw.exactdn.com/resources/blog/timesquare.jpg]
[ejmse4m6ybw.exactdn.com/resources/514x524_blog-(1).jpg]
[ejmse4m6ybw.exactdn.com/resources/514x524_blog-(2).jpg]
[ejmse4m6ybw.exactdn.com/resources/1-1580291378.jpg]
[ejmse4m6ybw.exactdn.com/resources/3-1580291399.jpg]
[ejmse4m6ybw.exactdn.com/resources/2-1580291389.jpg]
[ejmse4m6ybw.exactdn.com/resources/514x524_blog-(3).jpg]
[kualalumpur.intercontinental.com/blog/family-friendly-activities-in-kl.html]
[ejmse4m6ybw.exactdn.com/resources/blog/april-issue-2018.jpg]
[ejmse4m6ybw.exactdn.com/assets/containers/main/blog/april-issue-2018.jpg/3b89d2464ee542ea553f1396ff572165.jpg]
[ejmse4m6ybw.exactdn.com/resources/private-room.jpg]
[ejmse4m6ybw.exactdn.com/resources/botak-liquor.jpg]
[ejmse4m6ybw.exactdn.com/resources/omakase.jpg]
[ejmse4m6ybw.exactdn.com/resources/jack-rose.jpg]
[ejmse4m6ybw.exactdn.com/resources/opium-kl.jpg]
[ejmse4m6ybw.exactdn.com/resources/skullduggery-kl.jpg]
[ejmse4m6ybw.exactdn.com/resources/bar-atas.jpg]
[ejmse4m6ybw.exactdn.com/resources/suzie-wong.jpg]
[ejmse4m6ybw.exactdn.com/resources/shelly-yus.jpg]
[ejmse4m6ybw.exactdn.com/resources/heli-lounge-2.jpg]
[kualalumpur.intercontinental.com/blog/partying-in-kuala-lumpur.html]
[ejmse4m6ybw.exactdn.com/site/themes/ich/assets/fonts/vendor/@fortawesome/fontawesome-free/webfa-brands-4003833.svg]
[ejmse4m6ybw.exactdn.com/site/themes/ich/assets/fonts/vendor/@fortawesome/fontawesome-free/webfa-solid-9004a91.svg]
[ejmse4m6ybw.exactdn.com/site/themes/ich/assets/images/kimpton-grey90ce.svg]
[ejmse4m6ybw.exactdn.com/site/themes/ich/assets/images/regent-greyd63f.svg]
[ejmse4m6ybw.exactdn.com/site/themes/ich/assets/images/hotel-indigo-color961b.svg]
[ejmse4m6ybw.exactdn.com/site/themes/ich/assets/images/hotel-indigo-grey03d7.html]
[ejmse4m6ybw.exactdn.com/site/themes/ich/assets/images/crowne-plaza-color450e.svg]
[ejmse4m6ybw.exactdn.com/site/themes/ich/assets/images/crowne-plaza-grey471e.svg]
[ejmse4m6ybw.exactdn.com/site/themes/ich/assets/images/hualuxe-greyc190.svg]
[ejmse4m6ybw.exactdn.com/site/themes/ich/assets/images/holidayinn-color0436.svg]
[ejmse4m6ybw.exactdn.com/site/themes/ich/assets/images/holidayinn-greye935.svg]
[ejmse4m6ybw.exactdn.com/site/themes/ich/assets/images/holidayinn-club-vacations-colore2c0.svg]
[ejmse4m6ybw.exactdn.com/site/themes/ich/assets/images/holidayinn-club-vacations-grey682d.svg]
[ejmse4m6ybw.exactdn.com/site/themes/ich/assets/images/intercontinental-greyb98a.svg]
[ejmse4m6ybw.exactdn.com/site/themes/ich/assets/images/voco-grey1657.svg]
[ejmse4m6ybw.exactdn.com/site/themes/ich/assets/images/staybridge-suites-colorc4d0.svg]
[ejmse4m6ybw.exactdn.com/site/themes/ich/assets/images/staybridge-suites-grey903e.svg]
[ejmse4m6ybw.exactdn.com/site/themes/ich/assets/images/candlewood-suites-grey701c.svg]
[ejmse4m6ybw.exactdn.com/site/themes/ich/assets/images/avid-color9959.svg]
[ejmse4m6ybw.exactdn.com/site/themes/ich/assets/images/avid-grey3645.svg]
[ejmse4m6ybw.exactdn.com/site/themes/ich/assets/images/even-hotels-color941e.svg]
[ejmse4m6ybw.exactdn.com/site/themes/ich/assets/images/even-hotels-greyd6ff.svg]
[ejmse4m6ybw.exactdn.com/site/themes/ich/assets/images/holidayinn-express-color5e73.svg]
[ejmse4m6ybw.exactdn.com/site/themes/ich/assets/images/holidayinn-express-grey329f.svg]
[ejmse4m6ybw.exactdn.com/site/themes/ich/assets/images/ihg-rewards-club-colorc0db.svg]
[ejmse4m6ybw.exactdn.com/site/themes/ich/assets/images/ihg-rewards-club-grey5978.svg]
[ejmse4m6ybw.exactdn.com/assets/containers/main/blog/iws-(30).jpg/97b57711077e8787d7d608a06764c750.jpg]
[ejmse4m6ybw.exactdn.com/assets/containers/main/blog/1980x1080_blog.png/6189156ea0b9cf1ffa1f2c9b67f3c22c.png]
[ejmse4m6ybw.exactdn.com/assets/containers/main/blog/600x600_blog_header_1_(1).png/a48cdcd319beb4531166814ff2f1fa0a.png]
[kualalumpur.intercontinental.com/blog/5-interesting-couple-date-ideas-in-kuala-lumpur.html]
[ejmse4m6ybw.exactdn.com/assets/containers/main/package/800x600_ihgspecial.png/746d3631e844130819fabdd170e868f8.png]
[kualalumpur.intercontinental.com/blog/5-places-to-visit-when-in-kuala-lumpur.html]
[ejmse4m6ybw.exactdn.com/assets/containers/main/blog/600x600_blog_1.png/bd19b94d72ddbbedf16af742d1902bc3.png]
[kualalumpur.intercontinental.com/blog/hidden-gems-in-kuala-lumpur.html]
[ejmse4m6ybw.exactdn.com/assets/containers/main/blog/iws-(78).jpg/efc184a2f6c7602e72760fde6f47fed6.jpg]
[kualalumpur.intercontinental.com/blog/a-quick-bukit-bintang-itinerary.html]
[ejmse4m6ybw.exactdn.com/assets/containers/main/blog/600x600_bb_1.png/fa6c59a5fe66f378e72785d8e05af06e.png]
[kualalumpur.intercontinental.com/blog/a-quick-guide-to-a-business-trip-in-kuala-lumpur.html]
[ejmse4m6ybw.exactdn.com/assets/containers/main/blog/600x600_business_cover.png/631a8253c9b8871657041ff6a8d7f87b.png]
[kualalumpur.intercontinental.com/blog/iconic-attractions-in-kuala-lumpur.html]
[ejmse4m6ybw.exactdn.com/assets/containers/main/blog/514x425_blog_klcc.png/9b5a30e9cc4bccaa965fc96d0c8b178e.png]
[kualalumpur.intercontinental.com/blog/category/attractions.html]
[ejmse4m6ybw.exactdn.com/assets/containers/main/blog/93.jpg/79caf057d917dc95f2867c42afdc4990.jpg]
[ejmse4m6ybw.exactdn.com/assets/containers/main/blog/3840x-2160---ramadan-blog.jpg/31b6e5bb8650243b0bb8bf52f10421c9.jpg]
[kualalumpur.intercontinental.com/blog/6-unique-souvenirs-to-bring-home-from-your-kuala-lumpur-trip.html]
[ejmse4m6ybw.exactdn.com/assets/containers/main/blog/cultural_600x600.jpg/d08f610ec8db758432665ebf7ac596ea.jpg]
[ejmse4m6ybw.exactdn.com/assets/containers/main/blog/600x600_blog.png/891e4aa92241312b12cd488ec6403436.png]
[kualalumpur.intercontinental.com/blog/category/travel.html]
[ejmse4m6ybw.exactdn.com/assets/containers/main/blog/ickl-edm.jpg/41b5dd8725521f44a4b637b719125b51.jpg]
[ejmse4m6ybw.exactdn.com/assets/containers/main/blog/221228_interconroom-83_resize.jpg/eede94de6e2d826c840905db0013e7b3.jpg]
[ejmse4m6ybw.exactdn.com/assets/containers/main/blog/iws---2025-01-22t170212.491.jpg/3f0c2d3af37ad19d3b32ddac92614c04.jpg]
[kualalumpur.intercontinental.com/blog/category/journey-to-tomorrow.html]
[kualalumpur.intercontinental.com/blog/category/planet.html]
[kualalumpur.intercontinental.com/blog/category/issues.html]
[kualalumpur.intercontinental.com/blog/category/business.html]
[kualalumpur.intercontinental.com/blog/category/people.html]
[ejmse4m6ybw.exactdn.com/resources/blog/600x600_breakfast_2.jpg]
[ejmse4m6ybw.exactdn.com/assets/containers/main/blog/600x600_breakfast_2.png/1a6d8a97de72c349ea11f1cfc5ae8b95.png]
[ejmse4m6ybw.exactdn.com/resources/600x600_breakfast_3.jpg]
[ejmse4m6ybw.exactdn.com/resources/600x600_breakfast_1.jpg]
[ejmse4m6ybw.exactdn.com/resources/600x600_breakfast_4.jpg]
[ejmse4m6ybw.exactdn.com/resources/600x600_breakfast_2.jpg]
[kualalumpur.intercontinental.com/blog/local-breakfast-dishes-for-your-mornings.html]
[ejmse4m6ybw.exactdn.com/resources/blog/600x600_brunch_(1).png]
[ejmse4m6ybw.exactdn.com/assets/containers/main/blog/600x600_brunch_(1).png/0c8677715d14e3583a1736d73b038f56.png]
[ejmse4m6ybw.exactdn.com/resources/blog/514x350_brunch_breakfastthieves1.jpg]
[ejmse4m6ybw.exactdn.com/resources/blog/vcr.jpg]
[ejmse4m6ybw.exactdn.com/resources/blog/514x350_latinobrunch1.jpg]
[ejmse4m6ybw.exactdn.com/resources/800x600_serenaseafood.jpg]
[kualalumpur.intercontinental.com/blog/4-weekend-brunch-places-in-kuala-lumpur.html]
[ejmse4m6ybw.exactdn.com/resources/blog/esg-planet_resize.jpg]
[ejmse4m6ybw.exactdn.com/assets/containers/main/blog/esg-planet_resize.jpg/2719c2716e68184ae926bae6b7ce8fd6.jpg]
[ejmse4m6ybw.exactdn.com/resources/220909_interconevent-155_resize-1673937294.jpg]
[ejmse4m6ybw.exactdn.com/resources/20220927_150753.jpg]
[ejmse4m6ybw.exactdn.com/resources/221228_interconroom-83_resize.jpg]
[ejmse4m6ybw.exactdn.com/resources/20230314_075458-1678757190.jpg]
[ejmse4m6ybw.exactdn.com/assets/containers/main/blog/esg-people_resize-1674010348.jpg/240a2e801d60d199e17c2bfbc9079d3f.jpg]
[ejmse4m6ybw.exactdn.com/assets/containers/main/blog/esg-planet_resize.jpg/8bfec72388d0ee92d5027f71529989dd.jpg]
[kualalumpur.intercontinental.com/blog/planet.html]
[ejmse4m6ybw.exactdn.com/resources/blog/600x600_blog.jpg]
[ejmse4m6ybw.exactdn.com/assets/containers/main/blog/600x600_blog.png/1cecda645b0430037ce438d9d02e54e9.jpg]
[ejmse4m6ybw.exactdn.com/resources/blog/600x402_train.jpg]
[ejmse4m6ybw.exactdn.com/resources/blog/600x402_taxi.jpg]
[ejmse4m6ybw.exactdn.com/resources/blog/600x402_bus.jpg]
[ejmse4m6ybw.exactdn.com/resources/blog/600x402_walk.jpg]
[kualalumpur.intercontinental.com/blog/kl-public-transport-guide.html]
[kualalumpur.intercontinental.com/blog/6-date-ideas-for-valentine-s-day-in-kuala-lumpur.html]
[ejmse4m6ybw.exactdn.com/resources/package/800x600_ihgspecial.jpg]
[ejmse4m6ybw.exactdn.com/assets/containers/main/package/800x600_ihgspecial.png/eaa4081daaa53d60e5930aa8f7b0c99d.jpg]
[ejmse4m6ybw.exactdn.com/resources/package/vday_serena_lp1_(2).jpg]
[ejmse4m6ybw.exactdn.com/resources/blog/600x600_couple_rings.jpg]
[ejmse4m6ybw.exactdn.com/resources/blog/600x600_kl_eco_park_hiking.jpg]
[ejmse4m6ybw.exactdn.com/resources/blog/600x600_kl_free_mornings.jpg]
[ejmse4m6ybw.exactdn.com/resources/blog/600x600_mpo_1.jpg]
[kualalumpur.intercontinental.com/blog/5-interesting-couple-date-ideas-in-kuala-lumpur.html]
[ejmse4m6ybw.exactdn.com/resources/blog/600x600_blog_1.jpg]
[ejmse4m6ybw.exactdn.com/assets/containers/main/blog/600x600_blog_1.png/c0a029bf1d43733c220981a3b5fe3ab9.jpg]
[ejmse4m6ybw.exactdn.com/resources/514x350_batu_caves_(1).jpg]
[ejmse4m6ybw.exactdn.com/resources/514x350_museum_negara.png]
[ejmse4m6ybw.exactdn.com/resources/514x350_kl_birdpark.jpg]
[ejmse4m6ybw.exactdn.com/resources/514x350_kl_zoo.jpg]
[ejmse4m6ybw.exactdn.com/resources/514x350_bar.jpg]
[kualalumpur.intercontinental.com/blog/5-places-to-visit-when-in-kuala-lumpur.html]
[ejmse4m6ybw.exactdn.com/resources/blog/iws-(78).jpg]
[ejmse4m6ybw.exactdn.com/assets/containers/main/blog/iws-(78).jpg/de82d1418e2ee75b35c731ce13e47025.jpg]
[ejmse4m6ybw.exactdn.com/resources/klcc_514x350px.jpg]
[ejmse4m6ybw.exactdn.com/resources/jalan-alor.jpg]
[ejmse4m6ybw.exactdn.com/resources/iws-(74).jpg]
[ejmse4m6ybw.exactdn.com/resources/rumahpenghulu_514x350px.jpg]
[ejmse4m6ybw.exactdn.com/resources/tienhoutemple_514x350px.jpg]
[ejmse4m6ybw.exactdn.com/resources/sekinchan_514x350px.jpg]
[ejmse4m6ybw.exactdn.com/resources/kltower_514x350px.jpg]
[ejmse4m6ybw.exactdn.com/resources/iws-(75).jpg]
[ejmse4m6ybw.exactdn.com/resources/gentingtower_514x350px.jpg]
[kualalumpur.intercontinental.com/blog/hidden-gems-in-kuala-lumpur.html]
[ejmse4m6ybw.exactdn.com/resources/blog/600x600_bb_1.jpg]
[ejmse4m6ybw.exactdn.com/assets/containers/main/blog/600x600_bb_1.png/c278b0a6db38f0bc4bbad32e9f3ca7be.jpg]
[ejmse4m6ybw.exactdn.com/resources/514x350_shopping_bb.jpg]
[ejmse4m6ybw.exactdn.com/resources/514x350_low_yat_bb.jpg]
[ejmse4m6ybw.exactdn.com/resources/514x350_alor_bb.jpg]
[ejmse4m6ybw.exactdn.com/resources/514x350_themed_park_bb.jpg]
[ejmse4m6ybw.exactdn.com/resources/514x350_changkat_bb.png]
[kualalumpur.intercontinental.com/blog/a-quick-bukit-bintang-itinerary.html]
[ejmse4m6ybw.exactdn.com/resources/blog/600x600_business_cover.jpg]
[ejmse4m6ybw.exactdn.com/assets/containers/main/blog/600x600_business_cover.png/f6fdb82bd9c8369b6f0a588f8ebc9fd0.png]
[ejmse4m6ybw.exactdn.com/resources/514x350_lrt_ampang.png]
[ejmse4m6ybw.exactdn.com/resources/iws-(85).jpg]
[ejmse4m6ybw.exactdn.com/resources/514x350_food.jpg]
[ejmse4m6ybw.exactdn.com/resources/514x350_shopping.jpg]
[ejmse4m6ybw.exactdn.com/resources/514x350_medical_services.jpg]
[kualalumpur.intercontinental.com/blog/a-quick-guide-to-a-business-trip-in-kuala-lumpur.html]
[ejmse4m6ybw.exactdn.com/resources/blog/514x425_blog_klcc.jpg]
[ejmse4m6ybw.exactdn.com/assets/containers/main/blog/514x425_blog_klcc.png/a871fbfffe30af10cbbc15bde062789d.jpg]
[ejmse4m6ybw.exactdn.com/resources/blog/600x600_central_market.jpg]
[ejmse4m6ybw.exactdn.com/resources/blog/600x600_botanical_garden.jpg]
[ejmse4m6ybw.exactdn.com/resources/blog/blog_1.jpg]
[ejmse4m6ybw.exactdn.com/resources/blog/514x425_blog_kl_tower.png]
[kualalumpur.intercontinental.com/blog/iconic-attractions-in-kuala-lumpur.html]
[ejmse4m6ybw.exactdn.com/resources/blog/cultural_600x600.jpg]
[ejmse4m6ybw.exactdn.com/assets/containers/main/blog/cultural_600x600.jpg/37baa5c1565b63ea7a663e2cae1cc3cc.jpg]
[ejmse4m6ybw.exactdn.com/resources/royalselangor_pewter_2018.jpg]
[ejmse4m6ybw.exactdn.com/resources/cultural_600x600.jpg]
[ejmse4m6ybw.exactdn.com/resources/514x350_kerongsang_2018.jpg]
[ejmse4m6ybw.exactdn.com/resources/514x350_songket_2018.jpg]
[ejmse4m6ybw.exactdn.com/resources/514x350_hand_wooven_craft_2018.jpg]
[ejmse4m6ybw.exactdn.com/resources/514x350_wau_kite_2018.jpg]
[ejmse4m6ybw.exactdn.com/resources/514x350_central_market_2018.jpg]
[kualalumpur.intercontinental.com/blog/6-unique-souvenirs-to-bring-home-from-your-kuala-lumpur-trip.html]
[kualalumpur.intercontinental.com/blog/eco-tigers-edu-hike.html]
[kualalumpur.intercontinental.com/blog/people.html]
