[myresipi.com/cara-membuat-nasi-lemak/index.html]
[backblue.gif]
[fade.gif]
[index.html]
[media.myresipi.com/2025/03/httpswww.tiktok.com@myresipivideo7477862648508386567is_from_webapp1sender_devicepcweb_id7343783453773678098.png]
[media.myresipi.com/2022/01/faviconmr.png]
[myresipi.com/app/plugins/LayerSlider/assets/static/layerslider/css/layerslider3584.css]
[myresipi.com/wp/wp-includes/css/dist/components/style.min4c7e.css]
[myresipi.com/wp/wp-includes/css/dist/block-editor/style.min4c7e.css]
[myresipi.com/cara-membuat-nasi-lemak/amp/index.html]
[myresipi.com/wp/wp-includes/css/dist/nux/style.min4c7e.css]
[myresipi.com/cara-membuat-nasi-lemak/feed/index.html]
[myresipi.com/wp/wp-includes/css/dist/editor/style.min4c7e.css]
[myresipi.com/app/plugins/ilab-media-tools/public/blocks/mediacloud-mux.blocks.style.css]
[myresipi.com/app/plugins/revslider/public/assets/css/rs6b3bd.css]
[myresipi.com/app/plugins/search-placeholder-avada/public/css/search-placeholder-avada-publicf488.css]
[myresipi.com/app/plugins/add-search-to-menu/public/css/ivory-search.min3172.css]
[myresipi.com/app/themes/Avada/assets/css/style.min18cf.css]
[myresipi.com/app/uploads/fusion-styles/b86997f8b06d0bb82c54d82bcf876d41.min950a.css]
[myresipi.com/app/themes/Avada/assets/css/media/max-1c.min18cf.css]
[myresipi.com/app/themes/Avada/assets/css/media/max-2c.min18cf.css]
[myresipi.com/app/themes/Avada/assets/css/media/min-2c-max-3c.min18cf.css]
[myresipi.com/app/themes/Avada/assets/css/media/min-3c-max-4c.min18cf.css]
[myresipi.com/app/themes/Avada/assets/css/media/min-4c-max-5c.min18cf.css]
[myresipi.com/app/themes/Avada/assets/css/media/min-5c-max-6c.min18cf.css]
[myresipi.com/app/themes/Avada/assets/css/media/min-shbp.min18cf.css]
[myresipi.com/app/themes/Avada/assets/css/media/max-shbp.min18cf.css]
[myresipi.com/app/themes/Avada/assets/css/media/max-sh-shbp.min18cf.css]
[myresipi.com/app/themes/Avada/assets/css/media/min-768-max-1024-p.min18cf.css]
[myresipi.com/app/themes/Avada/assets/css/media/min-768-max-1024-l.min18cf.css]
[myresipi.com/app/themes/Avada/assets/css/media/max-sh-cbp.min18cf.css]
[myresipi.com/app/themes/Avada/assets/css/media/max-sh-sbp.min18cf.css]
[myresipi.com/app/themes/Avada/assets/css/media/max-sh-640.min18cf.css]
[myresipi.com/app/themes/Avada/assets/css/media/max-shbp-18.min18cf.css]
[myresipi.com/app/themes/Avada/assets/css/media/max-shbp-32.min18cf.css]
[myresipi.com/app/themes/Avada/assets/css/media/min-sh-cbp.min18cf.css]
[myresipi.com/app/themes/Avada/assets/css/media/max-640.min18cf.css]
[myresipi.com/app/themes/Avada/assets/css/media/max-main.min18cf.css]
[myresipi.com/app/themes/Avada/assets/css/media/max-cbp.min18cf.css]
[myresipi.com/app/themes/Avada/assets/css/media/max-sh-cbp-cf7.min18cf.css]
[myresipi.com/app/themes/Avada/assets/css/media/max-640-sliders.min18cf.css]
[myresipi.com/app/themes/Avada/assets/css/media/max-sh-cbp-sliders.min18cf.css]
[myresipi.com/app/plugins/fusion-builder/assets/css/media/max-sh-cbp.min950a.css]
[myresipi.com/app/plugins/fusion-builder/assets/css/media/min-768-max-1024-p.min950a.css]
[myresipi.com/app/plugins/fusion-builder/assets/css/media/max-640.min950a.css]
[myresipi.com/app/plugins/fusion-builder/assets/css/media/max-1c950a.css]
[myresipi.com/app/plugins/fusion-builder/assets/css/media/max-2c950a.css]
[myresipi.com/app/plugins/fusion-builder/assets/css/media/min-2c-max-3c950a.css]
[myresipi.com/app/plugins/fusion-builder/assets/css/media/min-3c-max-4c950a.css]
[myresipi.com/app/plugins/fusion-builder/assets/css/media/min-4c-max-5c950a.css]
[myresipi.com/app/plugins/fusion-builder/assets/css/media/min-5c-max-6c950a.css]
[myresipi.com/wp/wp-includes/js/jquery/jquery.min9d52.js]
[myresipi.com/wp/wp-includes/js/jquery/jquery-migrate.mind617.js]
[myresipi.com/app/plugins/LayerSlider/assets/static/layerslider/js/layerslider.utils3584.js]
[myresipi.com/app/plugins/LayerSlider/assets/static/layerslider/js/layerslider.kreaturamedia.jquery3584.js]
[myresipi.com/app/plugins/LayerSlider/assets/static/layerslider/js/layerslider.transitions3584.js]
[myresipi.com/app/plugins/revslider/public/assets/js/rbtools.minb3bd.js]
[myresipi.com/app/plugins/revslider/public/assets/js/rs6.minb3bd.js]
[media.myresipi.com/2022/01/faviconmr-45x45.png]
[pagead2.googlesyndication.com/pagead/js/f3bb0.txt]
[cdnjs.cloudflare.com/ajax/libs/bootstrap/4.6.1/css/bootstrap.min.css]
[cdnjs.cloudflare.com/ajax/libs/jquery/3.5.1/jquery.min.js]
[cdnjs.cloudflare.com/ajax/libs/bootstrap/4.6.1/js/bootstrap.min.js]
[www.googletagservices.com/tag/js/f.txt]
[media.myresipi.com/2021/01/NEW-Logo-Myresipi_PNG-e1611058425594.png]
[media.myresipi.com/2022/08/audio-plus_master.png]
[media.myresipi.com/2022/08/hotfm_red.png]
[media.myresipi.com/2023/07/Gd3YJrEQ-logo_kool101_master-01.png]
[media.myresipi.com/2022/08/8fm_master.png]
[media.myresipi.com/2022/08/flyfm_master.png]
[media.myresipi.com/2022/08/molekfm_master.png]
[media.myresipi.com/2025/03/cara-membuat-nasi-lemak-scaled-e1741675277631-600x627.jpg]
[sf16-website-login.neutral.ttwstatic.com/obj/tiktok_web_login_static/tiktok/falcon/embed/embed_v1.0.13.js]
[media.myresipi.com/2025/07/cara-buat-bihun-goreng.png]
[media.myresipi.com/2025/07/cara-buat-durian-crepe.png]
[media.myresipi.com/2025/07/kuih-tepung-gomak-pandan.png]
[media.myresipi.com/2025/07/resepi-laksa-siam.jpg]
[media.myresipi.com/2025/07/resepi-nasi-marjerin.png]
[media.myresipi.com/2025/07/udang-sotong-masak-paprik.jpg]
[media.myresipi.com/2023/10/resepi-ayam-percik-kuning-terengganu-150x150.jpg]
[media.myresipi.com/2024/11/sosej-gulung-150x150.jpg]
[media.myresipi.com/2024/08/resepi-ayam-buttermilk-150x150.jpg]
[media.myresipi.com/2024/09/sosej-bites-150x150.jpg]
[media.myresipi.com/2023/04/resepi-air-bebuka-refreshing-1-1-150x150.jpg]
[media.myresipi.com/2024/08/bubur-butir-nangka-150x150.jpg]
[media.myresipi.com/2024/02/lala-masak-pedas-150x150.png]
[media.myresipi.com/2025/06/singgang-daging-terengganu-150x150.jpg]
[media.myresipi.com/2025/03/mee-goreng-tomyam-150x150.jpg]
[media.myresipi.com/2023/02/nutella-bites-150x150.jpg]
[media.myresipi.com/2020/11/myresipi-11212-150x150.png]
[media.myresipi.com/2020/11/sm61-150x150.jpg]
[media.myresipi.com/2020/11/myresipi-2334-150x150.png]
[media.myresipi.com/2020/11/sm56-150x150.jpg]
[media.myresipi.com/2020/11/sm80-150x150.jpg]
[cdnjs.cloudflare.com/ajax/libs/font-awesome/4.7.0/css/font-awesome.min.css]
[myresipi.com/app/plugins/yotuwp-easy-youtube-embed/assets/css/frontend.min7248.css]
[myresipi.com/app/plugins/yotuwp-easy-youtube-embed/assets/css/icons.min7248.css]
[myresipi.com/wp/wp-includes/css/dist/block-library/style.min4c7e.css]
[myresipi.com/wp/wp-includes/css/dist/block-library/theme.min4c7e.css]
[myresipi.com/app/plugins/contact-form-7/includes/js/scriptsde54.js]
[myresipi.com/app/plugins/search-placeholder-avada/public/js/search-placeholder-avada-publicf488.js]
[myresipi.com/wp/wp-includes/js/comment-reply.min4c7e.js]
[myresipi.com/app/themes/Avada/includes/lib/assets/min/js/library/modernizr3d36.js]
[myresipi.com/app/themes/Avada/includes/lib/assets/min/js/library/jquery.fitvids4963.js]
[myresipi.com/app/themes/Avada/includes/lib/assets/min/js/library/fusion-video-general68b3.js]
[myresipi.com/app/themes/Avada/includes/lib/assets/min/js/library/jquery.ilightbox950a.js]
[myresipi.com/app/themes/Avada/includes/lib/assets/min/js/library/jquery.mousewheel7c45.js]
[myresipi.com/app/themes/Avada/includes/lib/assets/min/js/general/fusion-lightbox68b3.js]
[myresipi.com/app/themes/Avada/includes/lib/assets/min/js/library/imagesLoaded3a79.js]
[myresipi.com/app/themes/Avada/includes/lib/assets/min/js/library/isotope459e.js]
[myresipi.com/app/themes/Avada/includes/lib/assets/min/js/library/packery001e.js]
[myresipi.com/app/plugins/fusion-core/js/min/avada-portfolio68b3.js]
[myresipi.com/app/themes/Avada/includes/lib/assets/min/js/library/jquery.infinitescroll53cf.js]
[myresipi.com/app/plugins/fusion-core/js/min/avada-faqs68b3.js]
[myresipi.com/app/plugins/fusion-builder/assets/js/min/general/fusion-column-bg-image68b3.js]
[myresipi.com/app/themes/Avada/includes/lib/assets/min/js/general/fusion-equal-heights68b3.js]
[myresipi.com/app/plugins/fusion-builder/assets/js/min/general/fusion-column68b3.js]
[myresipi.com/app/themes/Avada/includes/lib/assets/min/js/library/jquery.fade68b3.js]
[myresipi.com/app/themes/Avada/includes/lib/assets/min/js/library/cssuac93e.js]
[myresipi.com/app/themes/Avada/includes/lib/assets/min/js/library/jquery.requestAnimationFrame68b3.js]
[myresipi.com/app/themes/Avada/includes/lib/assets/min/js/library/fusion-parallax68b3.js]
[myresipi.com/app/themes/Avada/includes/lib/assets/min/js/library/fusion-video-bg68b3.js]
[myresipi.com/app/plugins/fusion-builder/assets/js/min/general/fusion-container68b3.js]
[myresipi.com/app/plugins/fusion-builder/assets/js/min/general/fusion-content-boxes68b3.js]
[myresipi.com/app/plugins/fusion-builder/assets/js/min/general/fusion-flip-boxes68b3.js]
[myresipi.com/app/plugins/fusion-builder/assets/js/min/general/fusion-gallery68b3.js]
[myresipi.com/app/plugins/fusion-builder/assets/js/min/library/jquery.event.moved5f7.js]
[myresipi.com/app/plugins/fusion-builder/assets/js/min/general/fusion-image-before-after5152.js]
[myresipi.com/app/themes/Avada/includes/lib/assets/min/js/library/bootstrap.modalb12b.js]
[myresipi.com/app/plugins/fusion-builder/assets/js/min/general/fusion-modal68b3.js]
[myresipi.com/app/plugins/fusion-builder/assets/js/min/general/fusion-recent-posts68b3.js]
[myresipi.com/app/plugins/fusion-builder/assets/js/min/general/fusion-syntax-highlighter68b3.js]
[myresipi.com/app/themes/Avada/includes/lib/assets/min/js/library/bootstrap.transitione485.js]
[myresipi.com/app/themes/Avada/includes/lib/assets/min/js/library/bootstrap.tabb12b.js]
[myresipi.com/app/plugins/fusion-builder/assets/js/min/general/fusion-tabs68b3.js]
[myresipi.com/app/themes/Avada/includes/lib/assets/min/js/library/jquery.cycle19ce.js]
[myresipi.com/app/plugins/fusion-builder/assets/js/min/general/fusion-testimonials68b3.js]
[myresipi.com/app/plugins/fusion-builder/assets/js/min/library/jquery.textillated5f7.js]
[myresipi.com/app/plugins/fusion-builder/assets/js/min/general/fusion-title68b3.js]
[myresipi.com/app/themes/Avada/includes/lib/assets/min/js/library/bootstrap.collapseb12b.js]
[myresipi.com/app/plugins/fusion-builder/assets/js/min/general/fusion-toggles68b3.js]
[myresipi.com/app/plugins/fusion-builder/assets/js/min/library/jquery.countTo68b3.js]
[myresipi.com/app/plugins/fusion-builder/assets/js/min/library/jquery.countdown5152.js]
[myresipi.com/app/plugins/fusion-builder/assets/js/min/general/fusion-video68b3.js]
[myresipi.com/app/plugins/fusion-builder/assets/js/min/library/Chart653d.js]
[myresipi.com/app/themes/Avada/includes/lib/assets/min/js/library/jquery.hoverintent68b3.js]
[myresipi.com/app/plugins/fusion-core/js/min/fusion-vertical-menu-widget68b3.js]
[myresipi.com/app/themes/Avada/includes/lib/assets/min/js/library/lazysizes31a4.js]
[myresipi.com/app/themes/Avada/includes/lib/assets/min/js/library/bootstrap.tooltip46df.js]
[myresipi.com/app/themes/Avada/includes/lib/assets/min/js/library/bootstrap.popover46df.js]
[myresipi.com/app/themes/Avada/includes/lib/assets/min/js/library/jquery.waypointsb95e.js]
[myresipi.com/app/themes/Avada/includes/lib/assets/min/js/library/jquery.appear68b3.js]
[myresipi.com/app/themes/Avada/includes/lib/assets/min/js/library/jquery.carouFredSelf731.js]
[myresipi.com/app/themes/Avada/includes/lib/assets/min/js/library/jquery.easing4e44.js]
[myresipi.com/app/themes/Avada/includes/lib/assets/min/js/library/jquery.easyPieCharte7f3.js]
[myresipi.com/app/themes/Avada/includes/lib/assets/min/js/library/jquery.flexslider605a.js]
[myresipi.com/app/themes/Avada/includes/lib/assets/min/js/library/jquery.fusion_maps605a.js]
[myresipi.com/app/themes/Avada/includes/lib/assets/min/js/library/jquery.hoverflow68b3.js]
[myresipi.com/app/themes/Avada/includes/lib/assets/min/js/library/jquery.placeholder5d0a.js]
[myresipi.com/app/themes/Avada/includes/lib/assets/min/js/library/jquery.touchSwipe7514.js]
[myresipi.com/app/themes/Avada/includes/lib/assets/min/js/general/fusion-alert68b3.js]
[myresipi.com/app/themes/Avada/includes/lib/assets/min/js/general/fusion-waypoints68b3.js]
[myresipi.com/app/themes/Avada/includes/lib/assets/min/js/general/fusion-carousel68b3.js]
[myresipi.com/app/themes/Avada/includes/lib/assets/min/js/general/fusion-flexslider68b3.js]
[myresipi.com/app/themes/Avada/includes/lib/assets/min/js/general/fusion-popover68b3.js]
[myresipi.com/app/themes/Avada/includes/lib/assets/min/js/general/fusion-tooltip68b3.js]
[myresipi.com/app/themes/Avada/includes/lib/assets/min/js/general/fusion-sharing-box68b3.js]
[myresipi.com/app/themes/Avada/includes/lib/assets/min/js/general/fusion-blog68b3.js]
[myresipi.com/app/themes/Avada/includes/lib/assets/min/js/general/fusion-button68b3.js]
[myresipi.com/app/themes/Avada/includes/lib/assets/min/js/general/fusion-general-global68b3.js]
[myresipi.com/app/themes/Avada/includes/lib/assets/min/js/general/fusion950a.js]
[myresipi.com/app/themes/Avada/assets/min/js/general/avada-header18cf.js]
[myresipi.com/app/themes/Avada/assets/min/js/general/avada-menu18cf.js]
[myresipi.com/app/themes/Avada/includes/lib/assets/min/js/general/fusion-scroll-to-anchor68b3.js]
[myresipi.com/app/themes/Avada/includes/lib/assets/min/js/general/fusion-responsive-typography68b3.js]
[myresipi.com/app/themes/Avada/assets/min/js/general/avada-skip-link-focus-fix18cf.js]
[myresipi.com/app/themes/Avada/assets/min/js/library/bootstrap.scrollspyd617.js]
[myresipi.com/app/themes/Avada/assets/min/js/general/avada-comments18cf.js]
[myresipi.com/app/themes/Avada/assets/min/js/general/avada-general-footer18cf.js]
[myresipi.com/app/themes/Avada/assets/min/js/general/avada-quantity18cf.js]
[myresipi.com/app/themes/Avada/assets/min/js/general/avada-scrollspy18cf.js]
[myresipi.com/app/themes/Avada/assets/min/js/general/avada-select18cf.js]
[myresipi.com/app/themes/Avada/assets/min/js/general/avada-sidebars18cf.js]
[myresipi.com/app/themes/Avada/assets/min/js/library/jquery.sticky-kit18cf.js]
[myresipi.com/app/themes/Avada/assets/min/js/general/avada-tabs-widget18cf.js]
[myresipi.com/app/themes/Avada/assets/min/js/library/jquery.toTop62ea.js]
[myresipi.com/app/themes/Avada/assets/min/js/general/avada-to-top18cf.js]
[myresipi.com/app/themes/Avada/assets/min/js/general/avada-drop-down18cf.js]
[myresipi.com/app/themes/Avada/assets/min/js/general/avada-fade18cf.js]
[myresipi.com/app/themes/Avada/assets/min/js/general/avada-contact-form-718cf.js]
[myresipi.com/app/themes/Avada/assets/min/js/general/avada-live-search18cf.js]
[myresipi.com/app/plugins/add-search-to-menu/public/js/ivory-search.min3172.js]
[myresipi.com/wp/wp-includes/js/wp-embed.min4c7e.js]
[myresipi.com/app/plugins/yotuwp-easy-youtube-embed/assets/js/frontend.min7248.js]
[pcto.revmedia.my/pcto_MyResipi.js]
[myresipi.com/cara-membuat-nasi-lemak/index.html]
[cdn.ampproject.org/v0/amp-form-latest.js]
[cdn.ampproject.org/v0.js]
[oauthjs.revmedia.my/main.min.js]
[cdn.ampproject.org/v0/amp-position-observer-0.1.js]
[cdn.ampproject.org/v0/amp-animation-0.1.js]
[cdn.ampproject.org/v0/amp-addthis-0.1.js]
[cdn.taboola.com/libtrc/revmediagroup-myresipi/loader.js]
[cdn.ampproject.org/v0/amp-bind-latest.js]
[cdn.ampproject.org/v0/amp-analytics-0.1.js]
[myresipi.com/app/uploads/2023/11/NEW-Logo-Myresipi_PNG-e1611058425594.c9.delayed]
[myresipi.com/wp-content/plugins/accelerated-mobile-pages/images/SD-default-image.png]
[media.myresipi.com/2025/07/port-makan-durian-kl.jpg]
[myresipi.com/cara-membuat-nasi-lemak/amp/index.html]
[myresipi.com/app/plugins/LayerSlider/assets/static/layerslider/img/icon-muted-white.png]
[myresipi.com/app/plugins/LayerSlider/assets/static/layerslider/img/icon-unmuted-white.png]
[myresipi.com/app/plugins/LayerSlider/assets/static/layerslider/css/layerslider3584.css]
[myresipi.com/wp/wp-includes/css/dist/components/style.min4c7e.css]
[myresipi.com/wp/wp-includes/css/dist/block-editor/style.min4c7e.css]
[myresipi.com/wp/wp-includes/css/dist/nux/style.min4c7e.css]
[myresipi.com/wp/wp-includes/css/dist/editor/style.min4c7e.css]
[myresipi.com/app/plugins/ilab-media-tools/public/blocks/mediacloud-mux.blocks.style.css]
[myresipi.com/app/plugins/revslider/public/assets/css/openhand.ico]
[myresipi.com/app/plugins/revslider/public/assets/css/closedhand.ico]
[myresipi.com/app/plugins/revslider/public/assets/assets/gridtile.png]
[myresipi.com/app/plugins/revslider/public/assets/assets/gridtile_white.png]
[myresipi.com/app/plugins/revslider/public/assets/assets/gridtile_3x3.png]
[myresipi.com/app/plugins/revslider/public/assets/assets/gridtile_3x3_white.png]
[myresipi.com/app/plugins/revslider/public/assets/assets/coloredbg.png]
[myresipi.com/app/plugins/revslider/public/assets/assets/loader.gif]
[myresipi.com/app/plugins/revslider/public/assets/css/rs6b3bd.css]
[myresipi.com/app/plugins/search-placeholder-avada/public/css/search-placeholder-avada-publicf488.css]
[myresipi.com/app/plugins/add-search-to-menu/public/css/ivory-search.min3172.css]
[myresipi.com/app/themes/Avada/assets/images/shadow-top.png]
[myresipi.com/app/themes/Avada/assets/images/shadow-bottom.png]
[myresipi.com/app/themes/Avada/assets/css/style.min18cf.css]
[myresipi.com/app/assets/ajax-loader.gif]
[myresipi.com/app/themes/Avada/assets/images/patterns/pattern1.png]
[myresipi.com/app/uploads/fusion-styles/b86997f8b06d0bb82c54d82bcf876d41.min950a.css]
[myresipi.com/app/themes/Avada/assets/css/media/max-1c.min18cf.css]
[myresipi.com/app/themes/Avada/assets/css/media/max-2c.min18cf.css]
[myresipi.com/app/themes/Avada/assets/css/media/min-2c-max-3c.min18cf.css]
[myresipi.com/app/themes/Avada/assets/css/media/min-3c-max-4c.min18cf.css]
[myresipi.com/app/themes/Avada/assets/css/media/min-4c-max-5c.min18cf.css]
[myresipi.com/app/themes/Avada/assets/css/media/min-5c-max-6c.min18cf.css]
[myresipi.com/app/themes/Avada/assets/css/media/min-shbp.min18cf.css]
[myresipi.com/app/themes/Avada/assets/css/media/max-shbp.min18cf.css]
[myresipi.com/app/themes/Avada/assets/css/media/max-sh-shbp.min18cf.css]
[myresipi.com/app/themes/Avada/assets/css/media/min-768-max-1024-p.min18cf.css]
[myresipi.com/app/themes/Avada/assets/css/media/min-768-max-1024-l.min18cf.css]
[myresipi.com/app/themes/Avada/assets/css/media/max-sh-cbp.min18cf.css]
[myresipi.com/app/themes/Avada/assets/css/media/max-sh-sbp.min18cf.css]
[myresipi.com/app/themes/Avada/assets/css/media/max-sh-640.min18cf.css]
[myresipi.com/app/themes/Avada/assets/css/media/max-shbp-18.min18cf.css]
[myresipi.com/app/themes/Avada/assets/css/media/max-shbp-32.min18cf.css]
[myresipi.com/app/themes/Avada/assets/css/media/min-sh-cbp.min18cf.css]
[myresipi.com/app/themes/Avada/assets/css/media/max-640.min18cf.css]
[myresipi.com/app/themes/Avada/assets/css/media/max-main.min18cf.css]
[myresipi.com/app/themes/Avada/assets/css/media/max-cbp.min18cf.css]
[myresipi.com/app/themes/Avada/assets/css/media/max-sh-cbp-cf7.min18cf.css]
[myresipi.com/app/themes/Avada/assets/css/media/max-640-sliders.min18cf.css]
[myresipi.com/app/themes/Avada/assets/css/media/max-sh-cbp-sliders.min18cf.css]
[myresipi.com/app/plugins/fusion-builder/assets/css/media/max-sh-cbp.min950a.css]
[myresipi.com/app/plugins/fusion-builder/assets/css/media/min-768-max-1024-p.min950a.css]
[myresipi.com/app/plugins/fusion-builder/assets/css/media/max-640.min950a.css]
[myresipi.com/app/plugins/fusion-builder/assets/css/media/max-1c950a.css]
[myresipi.com/app/plugins/fusion-builder/assets/css/media/max-2c950a.css]
[myresipi.com/app/plugins/fusion-builder/assets/css/media/min-2c-max-3c950a.css]
[myresipi.com/app/plugins/fusion-builder/assets/css/media/min-3c-max-4c950a.css]
[myresipi.com/app/plugins/fusion-builder/assets/css/media/min-4c-max-5c950a.css]
[myresipi.com/app/plugins/fusion-builder/assets/css/media/min-5c-max-6c950a.css]
[tags.crwdcntrl.net/c/11142/cc_af.js]
[cdnjs.cloudflare.com/ajax/libs/bootstrap/4.6.1/css/bootstrap.min.css]
[www.googletagmanager.com/gtm5445.html]
[cdnjs.cloudflare.com/ajax/libs/font-awesome/4.7.0/css/font-awesome.min.css]
[myresipi.com/app/plugins/yotuwp-easy-youtube-embed/assets/images/square-play.png]
[myresipi.com/app/plugins/yotuwp-easy-youtube-embed/assets/css/frontend.min7248.css]
[myresipi.com/app/plugins/yotuwp-easy-youtube-embed/assets/css/icons.min7248.css]
[myresipi.com/wp/wp-includes/css/dist/block-library/style.min4c7e.css]
[myresipi.com/wp/wp-includes/css/dist/block-library/theme.min4c7e.css]
[myresipi.com/app/uploads/2023/11/NEW-Logo-Myresipi_PNG-e1611058425594.html]
[myresipi.com/wp-content/plugins/accelerated-mobile-pages/images/SD-default-image.html]
[myresipi.com/app/assets/ajax-loader.html]
